============================= test session starts =============================
platform win32 -- Python 3.13.6, pytest-9.0.2, pluggy-1.6.0 -- C:\Users\bfoxt\2-5-2026\Primordia-AI\.venv\Scripts\python.exe
cachedir: .pytest_cache
rootdir: C:\Users\bfoxt\2-5-2026\Primordia-AI
configfile: pyproject.toml
plugins: asyncio-1.3.0
asyncio: mode=Mode.STRICT, debug=False, asyncio_default_fixture_loop_scope=None, asyncio_default_test_loop_scope=function
collecting ... collected 3 items

tests/test_opening_book_types.py::TestOpeningBookDBTypedReturns::test_query_matchup_returns_typed_list FAILED [ 33%]
tests/test_opening_book_types.py::TestOpeningBookDBTypedReturns::test_get_matchup_stats_returns_typed_model FAILED [ 66%]
tests/test_opening_book_types.py::TestOpeningBookDBTypedReturns::test_get_matchup_stats_returns_none_when_not_found FAILED [100%]

================================== FAILURES ===================================
_____ TestOpeningBookDBTypedReturns.test_query_matchup_returns_typed_list _____
tests\test_opening_book_types.py:136: in test_query_matchup_returns_typed_list
    await db.connect()
src\primordia\database.py:212: in connect
    self._conn.executemany(SCHEMA_SQL.split(";")[:-1])  # type: ignore
    ^^^^^^^^^^^^^^^^^^^^^^^^^^^^^^^^^^^^^^^^^^^^^^^^^^
E   _duckdb.InvalidInputException: Invalid Input Error: Please provide either a DuckDBPyStatement or a string representing the query
__ TestOpeningBookDBTypedReturns.test_get_matchup_stats_returns_typed_model ___
tests\test_opening_book_types.py:170: in test_get_matchup_stats_returns_typed_model
    await db.connect()
src\primordia\database.py:212: in connect
    self._conn.executemany(SCHEMA_SQL.split(";")[:-1])  # type: ignore
    ^^^^^^^^^^^^^^^^^^^^^^^^^^^^^^^^^^^^^^^^^^^^^^^^^^
E   _duckdb.InvalidInputException: Invalid Input Error: Please provide either a DuckDBPyStatement or a string representing the query
_ TestOpeningBookDBTypedReturns.test_get_matchup_stats_returns_none_when_not_found _
tests\test_opening_book_types.py:202: in test_get_matchup_stats_returns_none_when_not_found
    await db.connect()
src\primordia\database.py:212: in connect
    self._conn.executemany(SCHEMA_SQL.split(";")[:-1])  # type: ignore
    ^^^^^^^^^^^^^^^^^^^^^^^^^^^^^^^^^^^^^^^^^^^^^^^^^^
E   _duckdb.InvalidInputException: Invalid Input Error: Please provide either a DuckDBPyStatement or a string representing the query
=========================== short test summary info ===========================
FAILED tests/test_opening_book_types.py::TestOpeningBookDBTypedReturns::test_query_matchup_returns_typed_list
FAILED tests/test_opening_book_types.py::TestOpeningBookDBTypedReturns::test_get_matchup_stats_returns_typed_model
FAILED tests/test_opening_book_types.py::TestOpeningBookDBTypedReturns::test_get_matchup_stats_returns_none_when_not_found
============================== 3 failed in 0.14s ==============================
